
 Start  Stop   Length Name               Class

 00000H 05B2BH 05B2CH _TEXT              CODE
 05B2CH 062D5H 007AAH CHIRON_TEXT        CODE
 062D6H 06301H 0002CH RE_FAIL_TEXT       CODE
 06302H 06371H 00070H CONFIG_TEXT        CODE
 06372H 06CA3H 00932H TCLCKALL_TEXT      CODE
 06CA4H 07E52H 011AFH CALLBACK_TEXT      CODE
 07E53H 080B2H 00260H HELP_TEXT          CODE
 080B3H 083D2H 00320H MAKELIST_TEXT      CODE
 083D3H 084E0H 0010EH INXFILE_TEXT       CODE
 084E1H 08BA0H 006C0H WLIST_TEXT         CODE
 08BA1H 08EB7H 00317H WCNTS_TEXT         CODE
 08EB8H 08F4EH 00097H FILE_TEXT          CODE
 08F4FH 09377H 00429H INIT_TEXT          CODE
 09378H 0951CH 001A5H BIT_TEXT           CODE
 0951DH 09988H 0046CH AWLST_TEXT         CODE
 09989H 0A952H 00FCAH CITATION_TEXT      CODE
 0A953H 0BE14H 014C2H CITLOW_TEXT        CODE
 0BE15H 0C04BH 00237H TEXT_TEXT          CODE
 0C04CH 0C7C3H 00778H CANON_TEXT         CODE
 0C7C4H 0CDECH 00629H ATAB_TEXT          CODE
 0CDEDH 0D15DH 00371H STRSRCH_TEXT       CODE
 0D15EH 0D3E3H 00286H SNLIST_TEXT        CODE
 0D3E4H 0D6A3H 002C0H INFO_TEXT          CODE
 0D6A4H 0D7B5H 00112H TLGMEM_TEXT        CODE
 0D7B6H 0E5E5H 00E30H REGEX_TEXT         CODE
 0E5E6H 0E940H 0035BH PTREE_TEXT         CODE
 0E941H 0F86AH 00F2AH WORK_TEXT          CODE
 0F86BH 0F96DH 00103H AUTHOR_TEXT        CODE
 0F96EH 0FB43H 001D6H SAVETEXT_TEXT      CODE
 0FB44H 0FC7BH 00138H INTR_TEXT          CODE
 0FC7CH 10070H 003F5H PRINT_TEXT         CODE
 10071H 10428H 003B8H EPSON_FX_TEXT      CODE
 10429H 10AEBH 006C3H WIN_TEXT           CODE
 10AECH 10F79H 0048EH BUTTON_TEXT        CODE
 10F7AH 1197DH 00A04H LIST_TEXT          CODE
 1197EH 13188H 0180BH ENTRY_TEXT         CODE
 13189H 13BE2H 00A5AH TXTWIN_TEXT        CODE
 13BE3H 13E36H 00254H NOTICE_TEXT        CODE
 13E37H 14378H 00542H GREEK_TEXT         CODE
 14380H 17FF9H 03C7AH _BGI_TEXT          CODE
 18000H 18000H 00000H _FARDATA           FAR_DATA
 18000H 18000H 00000H _FARBSS            FAR_BSS
 18000H 18000H 00000H _OVERLAY_          OVRINFO
 18000H 18000H 00000H _1STUB_            STUBSEG
 18000H 1FA6BH 07A6CH _DATA              DATA
 1FA6CH 1FA6DH 00002H _CVTSEG            DATA
 1FA6EH 1FA73H 00006H _SCNSEG            DATA
 1FA74H 1FA74H 00000H GRAPH              DATA
 1FA74H 1FA74H 00000H _CONST             CONST
 1FA74H 1FA97H 00024H _INIT_             INITDATA
 1FA98H 1FA98H 00000H _INITEND_          INITDATA
 1FA98H 1FA98H 00000H _EXIT_             EXITDATA
 1FA98H 1FA98H 00000H _EXITEND_          EXITDATA
 1FA98H 26AA1H 0700AH _BSS               BSS
 26AA2H 26AA2H 00000H _BSSEND            BSSEND
 26AB0H 26B2FH 00080H _STACK             STACK

  Address         Publics by Name

 1438:18AA       @DGROUP
 1800:0000       DATASEG@
 0000:0291       DGROUP@
 0000:1DD4       F_LDIV@
 0000:1DE3       F_LMOD@
 0000:1DDB       F_LUDIV@
 0000:1DEB       F_LUMOD@
 0000:1E82       F_LXLSH@
 0000:1D7E       F_LXMUL@
 0000:3C7B       F_OVERFLOW@
 0000:1EA3       F_PADD@
 0000:1F03       F_PSBP@
 0000:1ED2       F_PSUB@
 0000:1D95       F_SCOPY@
 0000:1F2E       F_SPUSH@
 0000:1DD4       LDIV@
 0000:1DE3       LMOD@
 0000:1DDB       LUDIV@
 0000:1DEB       LUMOD@
 0000:1E82       LXLSH@
 0000:1D7E       LXMUL@
 0000:1DD1       N_LDIV@
 0000:1DE0       N_LMOD@
 0000:1DD8       N_LUDIV@
 0000:1DE8       N_LUMOD@
 0000:1E7F       N_LXLSH@
 0000:212C       N_LXMUL@
 0000:3C7B       N_OVERFLOW@
 0000:1EA0       N_PADD@
 0000:2143       N_PCMP@
 0000:1F00       N_PSBP@
 0000:1ECF       N_PSUB@
 0000:1F28       N_SPUSH@
 0000:3C7B       OVERFLOW@
 0000:1EA3       PADD@
 0000:1F03       PSBP@
 0000:1ED2       PSUB@
 0000:1D95       SCOPY@
 0000:1F2E       SPUSH@
 0000:027A       _abort
 1197:0D76       _addGreekLetter
 1197:1018       _addLatinLetter
 1197:1153       _addNumber
 13E3:0371       _AddToBetaLetter
 13BE:01E8       _addToNotice
 10AE:00A6       _allocButton
 1197:0225       _allocEntry
 10F7:001C       _allocList
 1318:0051       _allocTxtWin
 1800:2224       _alloc_count
 0D15:0172       _ANDList
 0E94:08AA       _AndMatchList
 1438:1316       _arc
 1800:A862       _atabdir
 0C7C:05F7       _ATABNumbertoName
 1800:C2F2       _ATAB_AUTH_COUNT
 0000:1B5C       _atexit
 0000:3D2E       _atoi
 0000:3CB9       _atol
 0951:040B       _AuthorAWIndex
 06CA:09E0       _authorsForWord
 1800:7AB0       _author_entry
 1800:C2F4       _auth_nums
 0951:0415       _AWAuthor
 1800:A6B6       _AWLSTbuf
 0951:0446       _AWSize
 0951:042D       _AWWork
 1438:1C83       _bar
 1438:1CA6       _bar3d
 1800:C2FC       _beg_of_patt
 1800:20A2       _betachars
 1042:06A8       _BindFuncKey
 0000:2A58       _bioskey
 0000:2A7D       _biosprint
 0937:0106       _BitVal13
 0937:0008       _BitVal14
 0937:00C8       _BitVal15
 0937:016F       _BitVal16
 0937:0144       _BitVal2
 0937:0156       _BitVal5
 0937:0048       _BitVal7
 0937:005A       _BitVal7xN
 10AE:0485       _buttonIsOn
 10AE:02EA       _ButtonMakeList
 1800:678A       _ButtonObject
 10AE:03DD       _buttonOn
 1800:675A       _ButtonWindow
 10AE:000C       _B_AltProc
 10AE:0080       _B_SwitchProc
 0000:2A91       _calloc
 0C04:0075       _CanBibFindCit
 0C04:002D       _CanBibFree
 0C04:02E0       _CanBibGetAuthInfo
 0C04:0636       _CanBibGetBiblio
 0C04:010A       _CanBibGetBlock
 0C04:0476       _CanBibGetWorkInfo
 0C04:000C       _CanBibInit
 0C04:01F9       _CanBibReadLine
 0C04:06CC       _CanBibToDisk
 1800:A6A2       _CANIDTbuf
 0D3E:002A       _CanonInfo
 05B2:0645       _CatchSignal
 1800:7ACC       _cdebug
 0000:02A0       _CGA_driver
 0CDE:0366       _ChangeIgnoreSet
 10F7:0935       _ChangeListItem
 0C7C:019D       _CheckAuth
 0998:0AAF       _CheckCit
 0FB4:0102       _CheckForEscape
 1800:A6A6       _chiron_cfg
 1800:A6BA       _CINXbuf
 1438:1341       _circle
 0D3E:00EE       _CitationInfo
 0998:0B24       _CitationLoadFromIdt
 0998:0E8E       _CitFromTextIndex
 0998:0ECE       _CitStrfromStruc
 0998:0F40       _CitStrtoStruct
 1800:7AA4       _cit_entry
 1042:0554       _clearArea
 1438:0F18       _cleardevice
 1438:0FCE       _clearviewport
 1042:0518       _clearWindow
 0FB4:0092       _ClockHandler
 0FB4:004F       _ClockSetup
 0FB4:0079       _ClockShutdown
 0FB4:0004       _ClockToggle
 0000:3D5C       _close
 0F86:00A5       _CloseAuthor
 1438:0E6E       _closegraph
 07E5:01B0       _CommandHelp
 0A95:1433       _CompareCit
 1800:7AA0       _context_entry
 0000:2AEE       _coreleft
 084E:02CB       _CountWords
 0000:2C26       _cprintf
 080B:0003       _createAuthorNameList
 0951:000D       _CreateAWList
 0951:00FD       _CreateAWListFromAuth
 0951:0204       _CreateFullAWList
 1042:009D       _createOb
 0D15:0240       _CreateSNList
 084E:0001       _CreateWordList
 0000:1BB2       _ctrlbrk
 0951:0401       _CurrentAWIndex
 10AE:046C       _currentButton
 1800:7A5E       _daylight
 05B2:0659       _Debug
 1800:0094       _debug_chiron
 0A95:0BCF       _DecodeAuthWorkDesc
 0951:02E7       _DecodeAWEntry
 0A95:0884       _DecodeBinCit
 0A95:07CD       _DecodeBinCitBuf
 0A95:0AC9       _DecodeBlockEndCit
 0A95:0D63       _DecodeCombinedHeader
 0A95:0B81       _DecodeExceptionEnd
 0A95:0B17       _DecodeExceptionStart
 0A95:024A       _DecodeLeftNibble
 0A95:0C98       _DecodeLowLevDesc
 0A95:08CA       _DecodeNewAuthWork
 0A95:098B       _DecodeNewFile
 0A95:0950       _DecodeNewSection
 0A95:03E0       _DecodeRightNibble
 0A95:0A7B       _DecodeSectionEndCit
 0A95:0A2D       _DecodeSectionStartCit
 0A95:0D95       _DecodeUnknownType13
 08BA:0154       _DecodeWCEntry
 1800:1A84       _decode_result
 0000:2E42       _delay
 1197:1173       _deleteLetter
 1438:0671       _detectgraph
 1800:20BD       _diacrit
 083D:0034       _DiaVal
 1800:79DB       _directvideo
 1318:0485       _displayText
 1197:0760       _doText
 1197:179D       _drawCursor
 10F7:02D3       _DrawList
 1438:1C43       _drawpoly
 1042:0616       _dropArg
 1800:E9F4       _d_entry
 0E5E:0127       _Element
 1438:1CE7       _ellipse
 1800:6FB6       _empty_betaletter
 1800:C2F8       _end_of_patt
 1197:1715       _EntryCursorOff
 1197:168D       _EntryCursorOn
 1197:01A7       _EntryDown
 1197:08CF       _EntryEditKey
 1197:013A       _EntryFocusOff
 1197:0106       _EntryFocusOn
 1197:0993       _EntryGetValue
 1197:0C7C       _EntryMakeList
 1800:67F4       _EntryObject
 1197:0C10       _EntryPrintChar
 1197:016E       _EntrySelect
 1197:0D3A       _EntrySetList
 1197:09BF       _EntrySetValue
 1800:67C4       _EntryWindow
 1800:7A2E       _environ
 0000:3DA2       _eof
 1800:007F       _errno
 0000:1D43       _exit
 05B2:0696       _ExitMessage
 05B2:05F3       _ExitProc
 0E5E:004B       _Expression
 1197:000E       _E_AltProc
 1197:00AA       _E_SwitchProc
 0000:3415       _farcoreleft
 0000:2FE3       _farfree
 0000:30F7       _farmalloc
 0000:325B       _farrealloc
 0000:3E19       _fclose
 0000:3ED1       _fflush
 0000:4759       _fgetc
 0000:4847       _fgetchar
 0000:3F9E       _filelength
 0C7C:0004       _FileNametoNumber
 1438:1D17       _fillellipse
 1438:1C63       _fillpoly
 1318:04CE       _fillScreen
 080B:021B       _FilterWorkList
 0E94:046D       _Find
 06CA:0478       _FindAllMatchesInText
 06CA:0363       _FindApproxAuthors
 0998:04A5       _FindAuthBlock
 0998:0237       _FindAuthBlockByName
 0998:0009       _FindAuthBlockByNumber
 0998:0687       _FindLowBlock
 0A95:1169       _FindNextTypeCodeinBuf
 0A95:0FF3       _FindNextTypeCodeinIDT
 0998:0593       _FindWorkBlock
 0998:0363       _FindWorkBlockByName
 0998:00ED       _FindWorkBlockByNumber
 06CA:00AF       _FindWorksWithPattern
 1438:1F06       _floodfill
 0000:3FDF       _flushall
 0000:41F8       _fopen
 0000:422D       _fprintf
 0000:4BBF       _fputc
 0000:4D54       _fputchar
 0000:4249       _fputs
 0000:4387       _fread
 0000:2FE3       _free
 06CA:108D       _FreeAll
 0951:0450       _FreeAWList
 080B:02FB       _freeNameList
 0E5E:0303       _FreeParseTree
 084E:064C       _FreeWordList
 0000:4497       _fseek
 0000:45F7       _fstat
 0000:4517       _ftell
 1007:00DF       _FX_FlushPrinter
 1800:E86C       _FX_font_buf
 1007:00FE       _FX_FormFeed
 1007:013C       _FX_HomePrinter
 1007:015B       _FX_InitPrinter
 1007:011D       _FX_LineFeed
 1007:0384       _FX_PrintChar
 1007:0073       _FX_PrintStr
 1007:0187       _FX_SelectFont
 1007:0001       _FX_Setup
 1007:025A       _FX_XlateBetaLine
 10F7:096C       _GenerateList
 06CA:0B62       _GenerateWorkLists
 1438:1D84       _getarccoords
 1438:136D       _getaspectratio
 0C7C:0027       _GetAuthName
 0951:028F       _GetAuthNum
 0C7C:04B0       _GetAuths
 13E3:0126       _GetBetaLetter
 13E3:04DC       _GetBetaLine
 1438:1419       _getbkcolor
 0000:3465       _getch
 0000:3481       _getche
 1438:1408       _getcolor
 1438:1E04       _getdefaultpalette
 1438:10CA       _getdrivername
 1318:02F6       _getEditKey
 0000:4853       _getenv
 0C7C:014A       _GetFileName
 1438:127F       _getfillpattern
 1438:122E       _getfillsettings
 1042:05E4       _getFocus
 0A95:0E0C       _GetFullCitFromBuf
 1438:0E19       _getgraphmode
 1438:20B7       _getimage
 1438:1176       _getlinesettings
 1438:1DCE       _getmaxcolor
 1438:1E42       _getmaxmode
 1438:10A4       _getmaxx
 1438:10B7       _getmaxy
 1438:10F0       _getmodename
 1438:05D2       _getmoderange
 0E94:02E2       _GetNewBlock
 1438:1513       _getpalette
 1438:1DE9       _getpalettesize
 1438:2076       _getpixel
 1042:03B8       _getScreenRec
 0000:34F1       _gettext
 06CA:0556       _GetTextForWord
 1438:15F6       _gettextsettings
 0E5E:01FC       _GetToken
 1318:01D7       _GetTxtWinAttributes
 0000:1DB1       _getvect
 1438:0FAF       _getviewsettings
 08BA:0001       _GetWCEntry
 06CA:0004       _GetWordList
 0951:02BE       _GetWorkNum
 080B:009B       _GetWorks
 1438:1086       _getx
 1438:1095       _gety
 06CA:0660       _GoToCitation
 06CA:0881       _GotoNextMatch
 06CA:06FB       _GoToNextMatchCitation
 1438:089F       _graphdefaults
 1438:0193       _grapherrormsg
 1438:030D       _graphresult
 10F7:046C       _handleEditKey
 07E5:0003       _help
 06CA:107F       _HelpCallback
 1800:7AC8       _help_button
 1042:04A4       _HighLightLine
 0F86:00F2       _IdtFile
 1438:1532       _imagesize
 0BE1:0090       _IndexBlock
 0D3E:0004       _Information
 1800:7ABC       _info_button
 0A95:0DD9       _InitCit
 1438:0985       _initgraph
 08F4:000F       _Initialize
 0FC7:0099       _InitializePrinter
 08F4:033C       _InitOpenTLG
 1042:0009       _initWin
 1438:0BF9       _installuserdriver
 1438:0CE7       _installuserfont
 0000:35C1       _intdos
 0000:35EF       _intdosx
 0000:364F       _ioctl
 0000:1F9A       _isatty
 0000:3678       _kbhit
 07E5:0030       _KeyboardHelp
 1042:027A       _keyLoop
 10F7:0709       _lastSelection
 1042:066D       _letterOfScancode
 083D:0003       _LetterVal
 1438:1C20       _line
 1438:113B       _linerel
 1438:1114       _lineto
 1800:A6BE       _LINXbuf
 10F7:0862       _listDown
 1800:67C0       _ListObject
 1800:6790       _ListWindow
 0E94:013F       _LoadBlocks
 0A95:0038       _LoadCitBuffer
 0000:204D       _lseek
 0A95:13BD       _LvlCmp
 10F7:000A       _L_AltProc
 1800:A50A       _m0
 1800:A506       _m1
 1800:A502       _m2
 1800:A4FE       _m3
 1800:A4FA       _m4
 05B2:000C       _main
 0C7C:01D5       _MakeAtabIndex
 10AE:0278       _makeButton
 1197:060B       _makeEntry
 0E94:0201       _MakeLineIndex
 10F7:01EE       _makeList
 13BE:0003       _makeNotice
 1318:01F9       _makeTxtWin
 0000:30ED       _malloc
 0BE1:012D       _MassageWord
 0CDE:023F       _MatchPattern
 0951:03F3       _MatchTotal
 1800:A50E       _match_count
 1800:A510       _match_words
 0000:48C3       _memcpy
 0000:497C       _memmove
 0000:490B       _memset
 1197:14C6       _MoveLeft
 1438:1066       _moverel
 1197:15B0       _MoveRight
 0000:368A       _movetext
 1438:103F       _moveto
 08EB:007A       _MoveToBlock
 0000:492A       _movmem
 0F86:000B       _NewAuthor
 0E5E:00D2       _Newop
 0E94:0001       _NewWork
 0E94:0B24       _NextMatch
 10F7:0588       _nextSelection
 0000:3C62       _nosound
 13BE:016E       _noticeDown
 0D15:01DF       _NOTList
 0E94:0B17       _NotMatchList
 1800:C900       _old_clock
 0000:49CA       _open
 06CA:0747       _OpenCurrentWork
 06CA:07B6       _OpenNextWork
 08EB:0015       _OpenTLG
 0D15:0133       _ORList
 0E94:0A66       _OrMatchList
 06CA:0C8B       _OutputCallback
 1438:1615       _outtext
 1438:1F7B       _outtextxy
 0E5E:0006       _Parse
 0A95:136F       _ParseLevelValue
 0E5E:02F5       _ParseTree
 07E5:00F1       _PatternHelp
 1438:13A3       _pieslice
 0FC7:02E5       _PingPrinter
 1438:18EE       _postdevice
 06CA:0DFD       _PrintAllCits
 0FC7:00B9       _PrintBlock
 0FC7:0331       _PrintCanon
 0FC7:018E       _PrintContext
 0000:4B88       _printf
 13E3:008C       _PrintGreekChar
 13E3:0007       _PrintGreekString
 06CA:0D76       _PrintThisCit
 1800:7AB4       _print_button
 0E5E:0357       _PTreePatternCount
 0000:3727       _putch
 1438:1567       _putimage
 1438:2097       _putpixel
 0000:3547       _puttext
 1800:7AB8       _quit_button
 0630:0002       _ReadConfig
 0000:3254       _realloc
 1438:11D8       _rectangle
 0000:359D       _registerbgidriver
 0000:35AF       _registerbgifont
 1438:03F3       _registerfarbgidriver
 1438:04AC       _registerfarbgifont
 0A95:00E7       _ResetCitation
 1438:0E3C       _restorecrtmode
 1318:0A53       _reverseVideo
 0000:503C       _rewind
 0D7B:0027       _re_comp
 0D7B:054B       _re_exec
 062D:0006       _re_fail
 0D7B:0A6A       _re_modw
 0D7B:0ADC       _re_subs
 06CA:0F75       _SaveAllCits
 0F96:006F       _SaveCurrentCit
 06CA:0ED0       _SaveTextTrigger
 1318:083D       _scrollDown
 1318:0705       _scrollUp
 1042:040B       _ScrollWindow
 0E94:0594       _SearchText
 084E:02FB       _SearchWordList
 0E94:03E7       _SearchWork
 1800:7AC4       _search_button
 1438:1D54       _sector
 0000:2360       _segread
 0FC7:000C       _SelectPrinter
 1438:1A12       _setactivepage
 1438:142A       _setallpalette
 1438:138B       _setaspectratio
 1042:0176       _SetAttributes
 06CA:0A7E       _SetAuthor
 0951:032A       _SetAuthorIndex
 0951:0396       _SetAWIndex
 1438:13CE       _setbkcolor
 0000:3BC2       _setblock
 10AE:014C       _setButtonAttributes
 08EB:0008       _SetCDROMLetter
 1438:1DAD       _setcolor
 1042:01B9       _setCoreAttributes
 1197:0385       _setEntryAttributes
 1438:129F       _setfillpattern
 1438:124B       _setfillstyle
 1042:0578       _setFocus
 1438:059B       _setgraphbufsize
 1438:0D91       _setgraphmode
 1438:1195       _setlinestyle
 10F7:08EE       _setList
 10F7:00F1       _setListAttributes
 0951:03E2       _SetMatchTotal
 0000:48E7       _setmem
 06CA:0FFF       _SetNewCit
 06CA:1044       _SetNewContext
 1042:034C       _SetNewObject
 06CA:0818       _SetNextWork
 1438:14D0       _setpalette
 1438:1E7D       _setrgbpalette
 0F96:000E       _SetSaveFile
 1438:1663       _settextjustify
 1438:16A4       _settextstyle
 1318:00AC       _setTxtWinAttributes
 1438:1873       _setusercharsize
 0000:5062       _setvbuf
 0000:1DC0       _setvect
 1438:0F33       _setviewport
 1438:19EF       _setvisualpage
 06CA:0940       _SetWord
 06CA:0C4B       _SetWork
 0951:0370       _SetWorkIndex
 1438:1A38       _setwritemode
 1800:7A9C       _sfile_entry
 1197:135C       _ShiftLeft
 1197:1426       _ShiftRight
 0D15:000E       _SNListFromPTree
 0E94:07BD       _SortMatchList
 0000:3C36       _sound
 0000:51BF       _sprintf
 0000:5202       _strcat
 0000:5241       _strchr
 0000:527E       _strcmp
 0000:52AE       _strcpy
 0000:52D7       _stricmp
 0000:5318       _strlen
 0000:5337       _strlwr
 0000:535B       _strncpy
 0000:538C       _strnicmp
 0000:53D0       _strpbrk
 0000:541C       _strrev
 0CDE:000D       _StrSrch
 0000:5450       _strstr
 0000:54F0       _strtol
 0A95:0003       _StrUpdate
 083D:00D4       _SumBytes
 08F4:03BC       _SwapCINX
 13BE:01C3       _switchNotice
 0D7B:0BC9       _symbolic
 0637:02B2       _Tcl_AnyActiveMemory
 0637:0432       _Tcl_DbCkalloc
 0637:0810       _Tcl_DbCkfree
 0637:0666       _Tcl_DbCkrealloc
 0637:032F       _Tcl_DumpActiveMemory
 0637:02C9       _Tcl_DumpMemoryStats
 0637:026D       _Tcl_ValidateAllMemory
 0F86:0100       _TextFile
 1438:1899       _textheight
 06CA:05B2       _TextListCallback
 1438:2028       _textwidth
 1800:7AC0       _text_button
 1800:7A5A       _timezone
 1800:A6AA       _TLGcantxt
 0D6A:007C       _TLGfree
 0D6A:0004       _TLGmalloc
 0D6A:00AC       _TLGrealloc
 1800:A6AE       _TLGwcnts
 1800:A6B2       _TLGwlist
 0000:243A       _tolower
 0000:2466       _toupper
 1800:7A98       _txtwin
 1318:09A8       _TxtWinBorderOff
 1318:095A       _TxtWinBorderOn
 1800:6856       _TxtWinObject
 1800:6826       _TxtWinWindow
 1800:7A52       _tzname
 0000:55D4       _tzset
 1318:0009       _T_AltProc
 1318:003F       _T_SwitchProc
 0000:58A4       _ungetc
 0000:34A5       _ungetch
 0000:2492       _unlink
 0000:590F       _vfprintf
 0000:51E1       _vsprintf
 13BE:0233       _WaitForKey
 0998:01D1       _WhereisAuthWorkNum
 0998:0CED       _WhereisCit
 0000:3C97       _wherex
 0000:3CA6       _wherey
 083D:00F6       _WordCountOffset
 0BE1:0005       _WordIsInLine
 06CA:0201       _WordListOption
 083D:0059       _WordVal
 1800:7AA8       _word_entry
 1800:2584       _Work
 0E94:0EFC       _WorkBegFound
 0E94:0EE5       _WorkChangeContext
 0E94:0EBF       _WorkCitLine
 0E94:0EF0       _WorkCitStruct
 0E94:0DD8       _WorkGotoBeg
 0E94:0C00       _WorkGotoCit
 0E94:0F21       _WorkIsOpen
 0E94:0F17       _WorkIsSearchMode
 0E94:0E95       _WorkLineIndex
 0E94:0E40       _WorkMatchBegin
 0E94:0E7A       _WorkMatchCount
 0E94:0E5D       _WorkMatchEnd
 0E94:0E9F       _WorkMaxIndex
 0E94:0B7F       _WorkMoveLineIndex
 0E94:0ED5       _WorkNumLinesInBlock
 0E94:0D2E       _WorkRecalcCit
 06CA:0B08       _WorksForAuthor
 0E94:0EA9       _WorkTextLine
 1800:7AAC       _work_entry
 1318:05F2       _writeline
 0000:1000  Abs  __AHINCR
 0000:000C  Abs  __AHSHIFT
 1800:7A1E       __argc
 1800:7A20       __argv
 1800:762C       __atexitcnt
 1800:EA04       __atexittbl
 1438:1AFC       __autodetect
 1800:71E4       __backcolor
 1800:715F       __BGI_ADD
 1800:6FC2       __BGI_auto
 1800:6FBE       __BGI_ovr
 0000:334B       __brk
 1800:008B       __brklvl
 1800:006B       __C0argc
 1800:006D       __C0argv
 0000:2D08       __c0crtinit
 1800:0071       __C0environ
 1800:7A1D       __cChar
 0000:1D64       __cexit
 1800:7A1C       __cFlag
 0000:016A       __checknull
 0000:3D3F       __chmod
 0000:0157       __cleanup
 0000:3D84       __close
 0000:2AF4       __CPUTN
 0000:2D25       __crtinit
 1800:762E       __ctype
 0000:0000  Abs  __cvtfak
 0000:1D72       __c_exit
 1800:715B       __DDO_ADD
 1800:78FA       __doserrno
 0000:1F88       __DOSERROR
 1800:78FC       __dosErrorToSV
 0000:1C15       __DOSTIMETOU
 0000:1BD8       __dos_getfileattr
 0000:1BF8       __dos_setfileattr
 1800:71E2       __drawcolor
 1800:0075       __envLng
 1800:0077       __envseg
 1800:0079       __envSize
 0000:1D52       __exit
 1800:7730       __exitbuf
 1800:7734       __exitfopen
 1800:7738       __exitopen
 0000:4741       __fgetc
 1800:71E3       __fillcolor
 1800:71E6       __fillstyle
 1800:78F6       __fmode
 1800:71DA       __FON_ADD
 0000:4BA3       __fputc
 0000:4D68       __FPUTN
 0000:41AE       __GETFP
 0000:34C3       __graphexit
 0000:34D1       __graphfreemem
 0000:34E3       __graphgetmem
 1438:0329       __GraphNotInstalled
 1438:22E0       __GRP_ovr
 1438:1BCF       __gr_cleardevice
 1438:1B6D       __gr_detectgraph
 1800:71D8       __gr_ErrCode
 1438:1E21       __gr_getmodename
 1438:1AAB       __gr_imagesize
 1438:1C03       __gr_lineto
 1438:1BE6       __gr_moveto
 1438:20F4       __gr_putimage
 1438:19B0       __gr_restorecrtmode
 1438:1EC2       __gr_setallpalette
 1438:1E5E       __gr_setbkcolor
 1438:1A5B       __gr_setfillpattern
 1438:1F4B       __gr_setfillstyle
 1438:197A       __gr_setgraphmode
 1438:1EDD       __gr_setlinestyle
 1438:1EA3       __gr_setpalette
 1438:1A8E       __gr_settextjustify
 1438:1FB1       __gr_settextstyle
 1438:2002       __gr_setusercharsize
 1438:194E       __gr_setviewport
 1438:2055       __gr_textheight
 1800:0087       __heapbase
 1800:008F       __heaptop
 1438:1BAA       __initdevice
 1438:1905       __installdevice
 1800:005B       __Int0Vector
 1800:005F       __Int4Vector
 1800:0063       __Int5Vector
 1800:0067       __Int6Vector
 0000:1F4F       __IOERROR
 0000:57C2       __ISDST
 1800:71E5       __linestyle
 0000:1FAB       __LONGTOA
 0000:2076       __MKNAME
 0000:0293       __MMODEL
 1800:7A38       __monthDay
 0000:4756       __Nfgetc
 1800:78CC       __nfile
 0000:347E       __Ngetche
 1800:78F8       __notUmask
 0000:58A1       __Nungetc
 0000:34A2       __Nungetch
 0000:4B39       __open
 1800:78CE       __openfd
 0000:40DD       __OPENFP
 1800:007D       __osmajor
 1800:007E       __osminor
 1800:007D       __osversion
 1800:71ED       __OverScanColor
 1800:007B       __psp
 0000:2164       __read
 0000:373E       __REALCVT
 1800:7A6C       __RealCvtVector
 1438:190A       __reinstalldevice
 0000:01C0       __restorezero
 0000:338A       __sbrk
 1800:7A6E       __ScanTodVector
 0000:21BE       __scantol
 0000:3878       __SCREENIO
 0000:392B       __SCROLL
 0000:0000  Abs  __setargv__
 0000:0000  Abs  __setenvp__
 0000:2380       __setupio
 1800:0081       __StartTime
 1800:71DE       __StatOfs
 1800:71E0       __StatSeg
 1800:7960       __stklen
 0000:2A24       __stpcpy
 1800:773C       __streams
 0000:016B       __terminate
 0000:20D3       __TMPNAM
 0000:0000  Abs  __turboCrt
 0000:202D       __UTOA
 0000:38B4       __VALIDATEXY
 1800:007D       __version
 1800:79CC       __video
 0000:2C7D       __VideoInt
 0000:24C2       __VPRINTER
 0000:2985       __VPTR
 0000:29AA       __VRAM
 0000:3C8D       __wherexy
 0000:5A7B       __write
 1800:79CA       __wscroll
 0000:5AB7       __xfclose
 0000:5AF4       __xfflush
 1800:0085       ___brklvl
 0000:2EA3       ___first
 0000:2EA5       ___last
 1438:0178       ___move
 0000:4F6B       ___read
 0000:2EA7       ___rover
 0000:592A       ___write

  Address         Publics by Value

 0000:0000  Abs  __setargv__
 0000:0000  Abs  __turboCrt
 0000:0000  Abs  __cvtfak
 0000:0000  Abs  __setenvp__
 0000:000C  Abs  __AHSHIFT
 0000:0157       __cleanup
 0000:016A       __checknull
 0000:016B       __terminate
 0000:01C0       __restorezero
 0000:027A       _abort
 0000:0291       DGROUP@
 0000:0293       __MMODEL
 0000:02A0       _CGA_driver
 0000:1000  Abs  __AHINCR
 0000:1B5C       _atexit
 0000:1BB2       _ctrlbrk
 0000:1BD8       __dos_getfileattr
 0000:1BF8       __dos_setfileattr
 0000:1C15       __DOSTIMETOU
 0000:1D43       _exit
 0000:1D52       __exit
 0000:1D64       __cexit
 0000:1D72       __c_exit
 0000:1D7E       F_LXMUL@
 0000:1D7E       LXMUL@
 0000:1D95       F_SCOPY@
 0000:1D95       SCOPY@
 0000:1DB1       _getvect
 0000:1DC0       _setvect
 0000:1DD1       N_LDIV@
 0000:1DD4       F_LDIV@
 0000:1DD4       LDIV@
 0000:1DD8       N_LUDIV@
 0000:1DDB       F_LUDIV@
 0000:1DDB       LUDIV@
 0000:1DE0       N_LMOD@
 0000:1DE3       F_LMOD@
 0000:1DE3       LMOD@
 0000:1DE8       N_LUMOD@
 0000:1DEB       LUMOD@
 0000:1DEB       F_LUMOD@
 0000:1E7F       N_LXLSH@
 0000:1E82       F_LXLSH@
 0000:1E82       LXLSH@
 0000:1EA0       N_PADD@
 0000:1EA3       F_PADD@
 0000:1EA3       PADD@
 0000:1ECF       N_PSUB@
 0000:1ED2       F_PSUB@
 0000:1ED2       PSUB@
 0000:1F00       N_PSBP@
 0000:1F03       PSBP@
 0000:1F03       F_PSBP@
 0000:1F28       N_SPUSH@
 0000:1F2E       F_SPUSH@
 0000:1F2E       SPUSH@
 0000:1F4F       __IOERROR
 0000:1F88       __DOSERROR
 0000:1F9A       _isatty
 0000:1FAB       __LONGTOA
 0000:202D       __UTOA
 0000:204D       _lseek
 0000:2076       __MKNAME
 0000:20D3       __TMPNAM
 0000:212C       N_LXMUL@
 0000:2143       N_PCMP@
 0000:2164       __read
 0000:21BE       __scantol
 0000:2360       _segread
 0000:2380       __setupio
 0000:243A       _tolower
 0000:2466       _toupper
 0000:2492       _unlink
 0000:24C2       __VPRINTER
 0000:2985       __VPTR
 0000:29AA       __VRAM
 0000:2A24       __stpcpy
 0000:2A58       _bioskey
 0000:2A7D       _biosprint
 0000:2A91       _calloc
 0000:2AEE       _coreleft
 0000:2AF4       __CPUTN
 0000:2C26       _cprintf
 0000:2C7D       __VideoInt
 0000:2D08       __c0crtinit
 0000:2D25       __crtinit
 0000:2E42       _delay
 0000:2EA3       ___first
 0000:2EA5       ___last
 0000:2EA7       ___rover
 0000:2FE3       _free
 0000:2FE3       _farfree
 0000:30ED       _malloc
 0000:30F7       _farmalloc
 0000:3254       _realloc
 0000:325B       _farrealloc
 0000:334B       __brk
 0000:338A       __sbrk
 0000:3415       _farcoreleft
 0000:3465       _getch
 0000:347E       __Ngetche
 0000:3481       _getche
 0000:34A2       __Nungetch
 0000:34A5       _ungetch
 0000:34C3       __graphexit
 0000:34D1       __graphfreemem
 0000:34E3       __graphgetmem
 0000:34F1       _gettext
 0000:3547       _puttext
 0000:359D       _registerbgidriver
 0000:35AF       _registerbgifont
 0000:35C1       _intdos
 0000:35EF       _intdosx
 0000:364F       _ioctl
 0000:3678       _kbhit
 0000:368A       _movetext
 0000:3727       _putch
 0000:373E       __REALCVT
 0000:3878       __SCREENIO
 0000:38B4       __VALIDATEXY
 0000:392B       __SCROLL
 0000:3BC2       _setblock
 0000:3C36       _sound
 0000:3C62       _nosound
 0000:3C7B       F_OVERFLOW@
 0000:3C7B       N_OVERFLOW@
 0000:3C7B       OVERFLOW@
 0000:3C8D       __wherexy
 0000:3C97       _wherex
 0000:3CA6       _wherey
 0000:3CB9       _atol
 0000:3D2E       _atoi
 0000:3D3F       __chmod
 0000:3D5C       _close
 0000:3D84       __close
 0000:3DA2       _eof
 0000:3E19       _fclose
 0000:3ED1       _fflush
 0000:3F9E       _filelength
 0000:3FDF       _flushall
 0000:40DD       __OPENFP
 0000:41AE       __GETFP
 0000:41F8       _fopen
 0000:422D       _fprintf
 0000:4249       _fputs
 0000:4387       _fread
 0000:4497       _fseek
 0000:4517       _ftell
 0000:45F7       _fstat
 0000:4741       __fgetc
 0000:4756       __Nfgetc
 0000:4759       _fgetc
 0000:4847       _fgetchar
 0000:4853       _getenv
 0000:48C3       _memcpy
 0000:48E7       _setmem
 0000:490B       _memset
 0000:492A       _movmem
 0000:497C       _memmove
 0000:49CA       _open
 0000:4B39       __open
 0000:4B88       _printf
 0000:4BA3       __fputc
 0000:4BBF       _fputc
 0000:4D54       _fputchar
 0000:4D68       __FPUTN
 0000:4F6B       ___read
 0000:503C       _rewind
 0000:5062       _setvbuf
 0000:51BF       _sprintf
 0000:51E1       _vsprintf
 0000:5202       _strcat
 0000:5241       _strchr
 0000:527E       _strcmp
 0000:52AE       _strcpy
 0000:52D7       _stricmp
 0000:5318       _strlen
 0000:5337       _strlwr
 0000:535B       _strncpy
 0000:538C       _strnicmp
 0000:53D0       _strpbrk
 0000:541C       _strrev
 0000:5450       _strstr
 0000:54F0       _strtol
 0000:55D4       _tzset
 0000:57C2       __ISDST
 0000:58A1       __Nungetc
 0000:58A4       _ungetc
 0000:590F       _vfprintf
 0000:592A       ___write
 0000:5A7B       __write
 0000:5AB7       __xfclose
 0000:5AF4       __xfflush
 05B2:000C       _main
 05B2:05F3       _ExitProc
 05B2:0645       _CatchSignal
 05B2:0659       _Debug
 05B2:0696       _ExitMessage
 062D:0006       _re_fail
 0630:0002       _ReadConfig
 0637:026D       _Tcl_ValidateAllMemory
 0637:02B2       _Tcl_AnyActiveMemory
 0637:02C9       _Tcl_DumpMemoryStats
 0637:032F       _Tcl_DumpActiveMemory
 0637:0432       _Tcl_DbCkalloc
 0637:0666       _Tcl_DbCkrealloc
 0637:0810       _Tcl_DbCkfree
 06CA:0004       _GetWordList
 06CA:00AF       _FindWorksWithPattern
 06CA:0201       _WordListOption
 06CA:0363       _FindApproxAuthors
 06CA:0478       _FindAllMatchesInText
 06CA:0556       _GetTextForWord
 06CA:05B2       _TextListCallback
 06CA:0660       _GoToCitation
 06CA:06FB       _GoToNextMatchCitation
 06CA:0747       _OpenCurrentWork
 06CA:07B6       _OpenNextWork
 06CA:0818       _SetNextWork
 06CA:0881       _GotoNextMatch
 06CA:0940       _SetWord
 06CA:09E0       _authorsForWord
 06CA:0A7E       _SetAuthor
 06CA:0B08       _WorksForAuthor
 06CA:0B62       _GenerateWorkLists
 06CA:0C4B       _SetWork
 06CA:0C8B       _OutputCallback
 06CA:0D76       _PrintThisCit
 06CA:0DFD       _PrintAllCits
 06CA:0ED0       _SaveTextTrigger
 06CA:0F75       _SaveAllCits
 06CA:0FFF       _SetNewCit
 06CA:1044       _SetNewContext
 06CA:107F       _HelpCallback
 06CA:108D       _FreeAll
 07E5:0003       _help
 07E5:0030       _KeyboardHelp
 07E5:00F1       _PatternHelp
 07E5:01B0       _CommandHelp
 080B:0003       _createAuthorNameList
 080B:009B       _GetWorks
 080B:021B       _FilterWorkList
 080B:02FB       _freeNameList
 083D:0003       _LetterVal
 083D:0034       _DiaVal
 083D:0059       _WordVal
 083D:00D4       _SumBytes
 083D:00F6       _WordCountOffset
 084E:0001       _CreateWordList
 084E:02CB       _CountWords
 084E:02FB       _SearchWordList
 084E:064C       _FreeWordList
 08BA:0001       _GetWCEntry
 08BA:0154       _DecodeWCEntry
 08EB:0008       _SetCDROMLetter
 08EB:0015       _OpenTLG
 08EB:007A       _MoveToBlock
 08F4:000F       _Initialize
 08F4:033C       _InitOpenTLG
 08F4:03BC       _SwapCINX
 0937:0008       _BitVal14
 0937:0048       _BitVal7
 0937:005A       _BitVal7xN
 0937:00C8       _BitVal15
 0937:0106       _BitVal13
 0937:0144       _BitVal2
 0937:0156       _BitVal5
 0937:016F       _BitVal16
 0951:000D       _CreateAWList
 0951:00FD       _CreateAWListFromAuth
 0951:0204       _CreateFullAWList
 0951:028F       _GetAuthNum
 0951:02BE       _GetWorkNum
 0951:02E7       _DecodeAWEntry
 0951:032A       _SetAuthorIndex
 0951:0370       _SetWorkIndex
 0951:0396       _SetAWIndex
 0951:03E2       _SetMatchTotal
 0951:03F3       _MatchTotal
 0951:0401       _CurrentAWIndex
 0951:040B       _AuthorAWIndex
 0951:0415       _AWAuthor
 0951:042D       _AWWork
 0951:0446       _AWSize
 0951:0450       _FreeAWList
 0998:0009       _FindAuthBlockByNumber
 0998:00ED       _FindWorkBlockByNumber
 0998:01D1       _WhereisAuthWorkNum
 0998:0237       _FindAuthBlockByName
 0998:0363       _FindWorkBlockByName
 0998:04A5       _FindAuthBlock
 0998:0593       _FindWorkBlock
 0998:0687       _FindLowBlock
 0998:0AAF       _CheckCit
 0998:0B24       _CitationLoadFromIdt
 0998:0CED       _WhereisCit
 0998:0E8E       _CitFromTextIndex
 0998:0ECE       _CitStrfromStruc
 0998:0F40       _CitStrtoStruct
 0A95:0003       _StrUpdate
 0A95:0038       _LoadCitBuffer
 0A95:00E7       _ResetCitation
 0A95:024A       _DecodeLeftNibble
 0A95:03E0       _DecodeRightNibble
 0A95:07CD       _DecodeBinCitBuf
 0A95:0884       _DecodeBinCit
 0A95:08CA       _DecodeNewAuthWork
 0A95:0950       _DecodeNewSection
 0A95:098B       _DecodeNewFile
 0A95:0A2D       _DecodeSectionStartCit
 0A95:0A7B       _DecodeSectionEndCit
 0A95:0AC9       _DecodeBlockEndCit
 0A95:0B17       _DecodeExceptionStart
 0A95:0B81       _DecodeExceptionEnd
 0A95:0BCF       _DecodeAuthWorkDesc
 0A95:0C98       _DecodeLowLevDesc
 0A95:0D63       _DecodeCombinedHeader
 0A95:0D95       _DecodeUnknownType13
 0A95:0DD9       _InitCit
 0A95:0E0C       _GetFullCitFromBuf
 0A95:0FF3       _FindNextTypeCodeinIDT
 0A95:1169       _FindNextTypeCodeinBuf
 0A95:136F       _ParseLevelValue
 0A95:13BD       _LvlCmp
 0A95:1433       _CompareCit
 0BE1:0005       _WordIsInLine
 0BE1:0090       _IndexBlock
 0BE1:012D       _MassageWord
 0C04:000C       _CanBibInit
 0C04:002D       _CanBibFree
 0C04:0075       _CanBibFindCit
 0C04:010A       _CanBibGetBlock
 0C04:01F9       _CanBibReadLine
 0C04:02E0       _CanBibGetAuthInfo
 0C04:0476       _CanBibGetWorkInfo
 0C04:0636       _CanBibGetBiblio
 0C04:06CC       _CanBibToDisk
 0C7C:0004       _FileNametoNumber
 0C7C:0027       _GetAuthName
 0C7C:014A       _GetFileName
 0C7C:019D       _CheckAuth
 0C7C:01D5       _MakeAtabIndex
 0C7C:04B0       _GetAuths
 0C7C:05F7       _ATABNumbertoName
 0CDE:000D       _StrSrch
 0CDE:023F       _MatchPattern
 0CDE:0366       _ChangeIgnoreSet
 0D15:000E       _SNListFromPTree
 0D15:0133       _ORList
 0D15:0172       _ANDList
 0D15:01DF       _NOTList
 0D15:0240       _CreateSNList
 0D3E:0004       _Information
 0D3E:002A       _CanonInfo
 0D3E:00EE       _CitationInfo
 0D6A:0004       _TLGmalloc
 0D6A:007C       _TLGfree
 0D6A:00AC       _TLGrealloc
 0D7B:0027       _re_comp
 0D7B:054B       _re_exec
 0D7B:0A6A       _re_modw
 0D7B:0ADC       _re_subs
 0D7B:0BC9       _symbolic
 0E5E:0006       _Parse
 0E5E:004B       _Expression
 0E5E:00D2       _Newop
 0E5E:0127       _Element
 0E5E:01FC       _GetToken
 0E5E:02F5       _ParseTree
 0E5E:0303       _FreeParseTree
 0E5E:0357       _PTreePatternCount
 0E94:0001       _NewWork
 0E94:013F       _LoadBlocks
 0E94:0201       _MakeLineIndex
 0E94:02E2       _GetNewBlock
 0E94:03E7       _SearchWork
 0E94:046D       _Find
 0E94:0594       _SearchText
 0E94:07BD       _SortMatchList
 0E94:08AA       _AndMatchList
 0E94:0A66       _OrMatchList
 0E94:0B17       _NotMatchList
 0E94:0B24       _NextMatch
 0E94:0B7F       _WorkMoveLineIndex
 0E94:0C00       _WorkGotoCit
 0E94:0D2E       _WorkRecalcCit
 0E94:0DD8       _WorkGotoBeg
 0E94:0E40       _WorkMatchBegin
 0E94:0E5D       _WorkMatchEnd
 0E94:0E7A       _WorkMatchCount
 0E94:0E95       _WorkLineIndex
 0E94:0E9F       _WorkMaxIndex
 0E94:0EA9       _WorkTextLine
 0E94:0EBF       _WorkCitLine
 0E94:0ED5       _WorkNumLinesInBlock
 0E94:0EE5       _WorkChangeContext
 0E94:0EF0       _WorkCitStruct
 0E94:0EFC       _WorkBegFound
 0E94:0F17       _WorkIsSearchMode
 0E94:0F21       _WorkIsOpen
 0F86:000B       _NewAuthor
 0F86:00A5       _CloseAuthor
 0F86:00F2       _IdtFile
 0F86:0100       _TextFile
 0F96:000E       _SetSaveFile
 0F96:006F       _SaveCurrentCit
 0FB4:0004       _ClockToggle
 0FB4:004F       _ClockSetup
 0FB4:0079       _ClockShutdown
 0FB4:0092       _ClockHandler
 0FB4:0102       _CheckForEscape
 0FC7:000C       _SelectPrinter
 0FC7:0099       _InitializePrinter
 0FC7:00B9       _PrintBlock
 0FC7:018E       _PrintContext
 0FC7:02E5       _PingPrinter
 0FC7:0331       _PrintCanon
 1007:0001       _FX_Setup
 1007:0073       _FX_PrintStr
 1007:00DF       _FX_FlushPrinter
 1007:00FE       _FX_FormFeed
 1007:011D       _FX_LineFeed
 1007:013C       _FX_HomePrinter
 1007:015B       _FX_InitPrinter
 1007:0187       _FX_SelectFont
 1007:025A       _FX_XlateBetaLine
 1007:0384       _FX_PrintChar
 1042:0009       _initWin
 1042:009D       _createOb
 1042:0176       _SetAttributes
 1042:01B9       _setCoreAttributes
 1042:027A       _keyLoop
 1042:034C       _SetNewObject
 1042:03B8       _getScreenRec
 1042:040B       _ScrollWindow
 1042:04A4       _HighLightLine
 1042:0518       _clearWindow
 1042:0554       _clearArea
 1042:0578       _setFocus
 1042:05E4       _getFocus
 1042:0616       _dropArg
 1042:066D       _letterOfScancode
 1042:06A8       _BindFuncKey
 10AE:000C       _B_AltProc
 10AE:0080       _B_SwitchProc
 10AE:00A6       _allocButton
 10AE:014C       _setButtonAttributes
 10AE:0278       _makeButton
 10AE:02EA       _ButtonMakeList
 10AE:03DD       _buttonOn
 10AE:046C       _currentButton
 10AE:0485       _buttonIsOn
 10F7:000A       _L_AltProc
 10F7:001C       _allocList
 10F7:00F1       _setListAttributes
 10F7:01EE       _makeList
 10F7:02D3       _DrawList
 10F7:046C       _handleEditKey
 10F7:0588       _nextSelection
 10F7:0709       _lastSelection
 10F7:0862       _listDown
 10F7:08EE       _setList
 10F7:0935       _ChangeListItem
 10F7:096C       _GenerateList
 1197:000E       _E_AltProc
 1197:00AA       _E_SwitchProc
 1197:0106       _EntryFocusOn
 1197:013A       _EntryFocusOff
 1197:016E       _EntrySelect
 1197:01A7       _EntryDown
 1197:0225       _allocEntry
 1197:0385       _setEntryAttributes
 1197:060B       _makeEntry
 1197:0760       _doText
 1197:08CF       _EntryEditKey
 1197:0993       _EntryGetValue
 1197:09BF       _EntrySetValue
 1197:0C10       _EntryPrintChar
 1197:0C7C       _EntryMakeList
 1197:0D3A       _EntrySetList
 1197:0D76       _addGreekLetter
 1197:1018       _addLatinLetter
 1197:1153       _addNumber
 1197:1173       _deleteLetter
 1197:135C       _ShiftLeft
 1197:1426       _ShiftRight
 1197:14C6       _MoveLeft
 1197:15B0       _MoveRight
 1197:168D       _EntryCursorOn
 1197:1715       _EntryCursorOff
 1197:179D       _drawCursor
 1318:0009       _T_AltProc
 1318:003F       _T_SwitchProc
 1318:0051       _allocTxtWin
 1318:00AC       _setTxtWinAttributes
 1318:01D7       _GetTxtWinAttributes
 1318:01F9       _makeTxtWin
 1318:02F6       _getEditKey
 1318:0485       _displayText
 1318:04CE       _fillScreen
 1318:05F2       _writeline
 1318:0705       _scrollUp
 1318:083D       _scrollDown
 1318:095A       _TxtWinBorderOn
 1318:09A8       _TxtWinBorderOff
 1318:0A53       _reverseVideo
 13BE:0003       _makeNotice
 13BE:016E       _noticeDown
 13BE:01C3       _switchNotice
 13BE:01E8       _addToNotice
 13BE:0233       _WaitForKey
 13E3:0007       _PrintGreekString
 13E3:008C       _PrintGreekChar
 13E3:0126       _GetBetaLetter
 13E3:0371       _AddToBetaLetter
 13E3:04DC       _GetBetaLine
 1438:0178       ___move
 1438:0193       _grapherrormsg
 1438:030D       _graphresult
 1438:0329       __GraphNotInstalled
 1438:03F3       _registerfarbgidriver
 1438:04AC       _registerfarbgifont
 1438:059B       _setgraphbufsize
 1438:05D2       _getmoderange
 1438:0671       _detectgraph
 1438:089F       _graphdefaults
 1438:0985       _initgraph
 1438:0BF9       _installuserdriver
 1438:0CE7       _installuserfont
 1438:0D91       _setgraphmode
 1438:0E19       _getgraphmode
 1438:0E3C       _restorecrtmode
 1438:0E6E       _closegraph
 1438:0F18       _cleardevice
 1438:0F33       _setviewport
 1438:0FAF       _getviewsettings
 1438:0FCE       _clearviewport
 1438:103F       _moveto
 1438:1066       _moverel
 1438:1086       _getx
 1438:1095       _gety
 1438:10A4       _getmaxx
 1438:10B7       _getmaxy
 1438:10CA       _getdrivername
 1438:10F0       _getmodename
 1438:1114       _lineto
 1438:113B       _linerel
 1438:1176       _getlinesettings
 1438:1195       _setlinestyle
 1438:11D8       _rectangle
 1438:122E       _getfillsettings
 1438:124B       _setfillstyle
 1438:127F       _getfillpattern
 1438:129F       _setfillpattern
 1438:1316       _arc
 1438:1341       _circle
 1438:136D       _getaspectratio
 1438:138B       _setaspectratio
 1438:13A3       _pieslice
 1438:13CE       _setbkcolor
 1438:1408       _getcolor
 1438:1419       _getbkcolor
 1438:142A       _setallpalette
 1438:14D0       _setpalette
 1438:1513       _getpalette
 1438:1532       _imagesize
 1438:1567       _putimage
 1438:15F6       _gettextsettings
 1438:1615       _outtext
 1438:1663       _settextjustify
 1438:16A4       _settextstyle
 1438:1873       _setusercharsize
 1438:1899       _textheight
 1438:18AA       @DGROUP
 1438:18EE       _postdevice
 1438:1905       __installdevice
 1438:190A       __reinstalldevice
 1438:194E       __gr_setviewport
 1438:197A       __gr_setgraphmode
 1438:19B0       __gr_restorecrtmode
 1438:19EF       _setvisualpage
 1438:1A12       _setactivepage
 1438:1A38       _setwritemode
 1438:1A5B       __gr_setfillpattern
 1438:1A8E       __gr_settextjustify
 1438:1AAB       __gr_imagesize
 1438:1AFC       __autodetect
 1438:1B6D       __gr_detectgraph
 1438:1BAA       __initdevice
 1438:1BCF       __gr_cleardevice
 1438:1BE6       __gr_moveto
 1438:1C03       __gr_lineto
 1438:1C20       _line
 1438:1C43       _drawpoly
 1438:1C63       _fillpoly
 1438:1C83       _bar
 1438:1CA6       _bar3d
 1438:1CE7       _ellipse
 1438:1D17       _fillellipse
 1438:1D54       _sector
 1438:1D84       _getarccoords
 1438:1DAD       _setcolor
 1438:1DCE       _getmaxcolor
 1438:1DE9       _getpalettesize
 1438:1E04       _getdefaultpalette
 1438:1E21       __gr_getmodename
 1438:1E42       _getmaxmode
 1438:1E5E       __gr_setbkcolor
 1438:1E7D       _setrgbpalette
 1438:1EA3       __gr_setpalette
 1438:1EC2       __gr_setallpalette
 1438:1EDD       __gr_setlinestyle
 1438:1F06       _floodfill
 1438:1F4B       __gr_setfillstyle
 1438:1F7B       _outtextxy
 1438:1FB1       __gr_settextstyle
 1438:2002       __gr_setusercharsize
 1438:2028       _textwidth
 1438:2055       __gr_textheight
 1438:2076       _getpixel
 1438:2097       _putpixel
 1438:20B7       _getimage
 1438:20F4       __gr_putimage
 1438:22E0       __GRP_ovr
 1800:0000       DATASEG@
 1800:005B       __Int0Vector
 1800:005F       __Int4Vector
 1800:0063       __Int5Vector
 1800:0067       __Int6Vector
 1800:006B       __C0argc
 1800:006D       __C0argv
 1800:0071       __C0environ
 1800:0075       __envLng
 1800:0077       __envseg
 1800:0079       __envSize
 1800:007B       __psp
 1800:007D       __osversion
 1800:007D       __osmajor
 1800:007D       __version
 1800:007E       __osminor
 1800:007F       _errno
 1800:0081       __StartTime
 1800:0085       ___brklvl
 1800:0087       __heapbase
 1800:008B       __brklvl
 1800:008F       __heaptop
 1800:0094       _debug_chiron
 1800:1A84       _decode_result
 1800:20A2       _betachars
 1800:20BD       _diacrit
 1800:2224       _alloc_count
 1800:2584       _Work
 1800:675A       _ButtonWindow
 1800:678A       _ButtonObject
 1800:6790       _ListWindow
 1800:67C0       _ListObject
 1800:67C4       _EntryWindow
 1800:67F4       _EntryObject
 1800:6826       _TxtWinWindow
 1800:6856       _TxtWinObject
 1800:6FB6       _empty_betaletter
 1800:6FBE       __BGI_ovr
 1800:6FC2       __BGI_auto
 1800:715B       __DDO_ADD
 1800:715F       __BGI_ADD
 1800:71D8       __gr_ErrCode
 1800:71DA       __FON_ADD
 1800:71DE       __StatOfs
 1800:71E0       __StatSeg
 1800:71E2       __drawcolor
 1800:71E3       __fillcolor
 1800:71E4       __backcolor
 1800:71E5       __linestyle
 1800:71E6       __fillstyle
 1800:71ED       __OverScanColor
 1800:762C       __atexitcnt
 1800:762E       __ctype
 1800:7730       __exitbuf
 1800:7734       __exitfopen
 1800:7738       __exitopen
 1800:773C       __streams
 1800:78CC       __nfile
 1800:78CE       __openfd
 1800:78F6       __fmode
 1800:78F8       __notUmask
 1800:78FA       __doserrno
 1800:78FC       __dosErrorToSV
 1800:7960       __stklen
 1800:79CA       __wscroll
 1800:79CC       __video
 1800:79DB       _directvideo
 1800:7A1C       __cFlag
 1800:7A1D       __cChar
 1800:7A1E       __argc
 1800:7A20       __argv
 1800:7A2E       _environ
 1800:7A38       __monthDay
 1800:7A52       _tzname
 1800:7A5A       _timezone
 1800:7A5E       _daylight
 1800:7A6C       __RealCvtVector
 1800:7A6E       __ScanTodVector
 1800:7A98       _txtwin
 1800:7A9C       _sfile_entry
 1800:7AA0       _context_entry
 1800:7AA4       _cit_entry
 1800:7AA8       _word_entry
 1800:7AAC       _work_entry
 1800:7AB0       _author_entry
 1800:7AB4       _print_button
 1800:7AB8       _quit_button
 1800:7ABC       _info_button
 1800:7AC0       _text_button
 1800:7AC4       _search_button
 1800:7AC8       _help_button
 1800:7ACC       _cdebug
 1800:A4FA       _m4
 1800:A4FE       _m3
 1800:A502       _m2
 1800:A506       _m1
 1800:A50A       _m0
 1800:A50E       _match_count
 1800:A510       _match_words
 1800:A6A2       _CANIDTbuf
 1800:A6A6       _chiron_cfg
 1800:A6AA       _TLGcantxt
 1800:A6AE       _TLGwcnts
 1800:A6B2       _TLGwlist
 1800:A6B6       _AWLSTbuf
 1800:A6BA       _CINXbuf
 1800:A6BE       _LINXbuf
 1800:A862       _atabdir
 1800:C2F2       _ATAB_AUTH_COUNT
 1800:C2F4       _auth_nums
 1800:C2F8       _end_of_patt
 1800:C2FC       _beg_of_patt
 1800:C900       _old_clock
 1800:E86C       _FX_font_buf
 1800:E9F4       _d_entry
 1800:EA04       __atexittbl

Program entry point at 0000:0000

